============================= test session starts ==============================
platform linux -- Python 3.14.0, pytest-9.0.1, pluggy-1.6.0
rootdir: /home/asmolabs/Dev/asmolabs/pynidus
configfile: pyproject.toml
plugins: anyio-4.11.0, asyncio-1.3.0
asyncio: mode=Mode.STRICT, debug=False, asyncio_default_fixture_loop_scope=None, asyncio_default_test_loop_scope=function
collected 5 items

tests/test_transactional.py .....                                        [100%]

=============================== warnings summary ===============================
tests/test_transactional.py:11
  /home/asmolabs/Dev/asmolabs/pynidus/tests/test_transactional.py:11: PytestCollectionWarning: cannot collect test class 'TestService' because it has a __init__ constructor (from: tests/test_transactional.py)
    class TestService:

-- Docs: https://docs.pytest.org/en/stable/how-to/capture-warnings.html
========================= 5 passed, 1 warning in 0.28s =========================
